2026-02-18 08:57:24,245 - video_automation - INFO - 📁 Banner uploaded: banner_1771405044_2095667ce3ca44ae845e21f4a1855d66.gif
2026-02-18 09:43:27,874 - video_automation - INFO - Video: 130.15s, Segment: 60s, Parts: 3
2026-02-18 09:43:27,876 - video_automation - INFO - Using banner: banner_1771405044_2095667ce3ca44ae845e21f4a1855d66.gif
2026-02-18 09:43:27,876 - video_automation - INFO - Creating segment 1/3 (0s - 60s)
2026-02-18 09:48:56,804 - video_automation - ERROR - Split video error: Command '['ffmpeg', '-i', 'storage/downloads/video_20260128_080822_IEM Kraków 2026 Official Trailer.mp4', '-stream_loop', '-1', '-i', 'storage/banners/banner_1771405044_2095667ce3ca44ae845e21f4a1855d66.gif', '-filter_complex', '[0:v]trim=start=0:end=60,setpts=PTS-STARTPTS,hflip,scale=1080:1920:force_original_aspect_ratio=0[full];[1:v]scale=1080:576,fps=25,format=rgba[gif];[full][gif]overlay=0:main_h-overlay_h:format=auto[out]', '-map', '[out]', '-map', '0:a?', '-c:v', 'libx264', '-c:a', 'aac', '-b:a', '128k', '-preset', 'ultrafast', '-y', 'storage/outputs/segment_001_60s_video_20260128_080822_IEM Kraków 2026 Official Trailer.mp4']' timed out after 300 seconds
2026-02-18 09:56:03,720 - video_automation - INFO - Video: 130.15s, Segment: 600s, Parts: 1
2026-02-18 09:56:03,722 - video_automation - INFO - Using banner: banner_1771405044_2095667ce3ca44ae845e21f4a1855d66.gif
2026-02-18 09:56:03,722 - video_automation - INFO - Creating segment 1/1 (0s - 130s)
2026-02-18 11:47:14,649 - video_automation - INFO - 📥 Starting download: https://www.youtube.com/watch?v=oaZhMNh0EcU (quality: best)
2026-02-18 11:47:14,649 - video_automation - INFO - 🔄 Downloading: https://www.youtube.com/watch?v=oaZhMNh0EcU
2026-02-18 11:47:15,559 - video_automation - WARNING - ⚠️ Download attempt 1 failed: 'NoneType' object has no attribute 'get'
2026-02-18 11:47:18,365 - video_automation - WARNING - ⚠️ Download attempt 2 failed: 'NoneType' object has no attribute 'get'
2026-02-18 11:47:23,097 - video_automation - WARNING - ⚠️ Download attempt 3 failed: 'NoneType' object has no attribute 'get'
2026-02-18 11:47:23,097 - video_automation - ERROR - ❌ Download error: All download attempts failed: 'NoneType' object has no attribute 'get'
2026-02-18 11:47:23,603 - video_automation - INFO - ✅ Downloaded via aiohttp: video_1771415243_1503.mp4
2026-02-18 11:47:23,603 - video_automation - INFO - ✅ Download completed: video_1771415243_1503.mp4
2026-02-18 11:47:52,649 - video_automation - INFO - 🗑️ File deleted: trimmed_20260128_085012.mp4
2026-02-18 11:47:54,199 - video_automation - INFO - 🗑️ File deleted: effects_20260128_085017.mp4
2026-02-18 11:47:54,747 - video_automation - INFO - 🗑️ File deleted: processed_20260128_085025.mp4
2026-02-18 11:47:54,951 - video_automation - ERROR - 🗑️ Delete file error: 
2026-02-18 11:47:55,131 - video_automation - INFO - 🗑️ File deleted: trimmed_20260128_091011.mp4
2026-02-18 11:47:55,298 - video_automation - ERROR - 🗑️ Delete file error: 
2026-02-18 11:47:55,479 - video_automation - INFO - 🗑️ File deleted: effects_20260128_091016.mp4
2026-02-18 11:47:55,669 - video_automation - ERROR - 🗑️ Delete file error: 
2026-02-18 11:47:55,856 - video_automation - INFO - 🗑️ File deleted: processed_20260128_091024.mp4
2026-02-18 11:47:56,068 - video_automation - ERROR - 🗑️ Delete file error: 
2026-02-18 11:47:56,229 - video_automation - INFO - 🗑️ File deleted: trimmed_20260128_091631.mp4
2026-02-18 11:47:56,453 - video_automation - ERROR - 🗑️ Delete file error: 
2026-02-18 11:47:56,904 - video_automation - INFO - 🗑️ File deleted: effects_20260128_091633.mp4
2026-02-18 11:47:58,427 - video_automation - INFO - 🗑️ File deleted: processed_20260128_091636.mp4
2026-02-18 11:47:59,291 - video_automation - INFO - 🗑️ File deleted: – А, ты Создатель!  (Аниме клип).mhtml
2026-02-18 11:48:00,670 - video_automation - INFO - 🗑️ File deleted: videoplayback.mp4
2026-02-18 11:48:03,850 - video_automation - INFO - 🗑️ File deleted: Supernatural ｜ Dean - Simple Man.mhtml
2026-02-18 11:48:04,055 - video_automation - ERROR - 🗑️ Delete file error: 
2026-02-18 11:48:04,249 - video_automation - INFO - 🗑️ File deleted: Dean Winchester - Born For This (Supernatural).mhtml
2026-02-18 11:48:04,660 - video_automation - INFO - 🗑️ File deleted: team free will ｜｜ whatever it takes.mhtml
2026-02-18 11:48:05,068 - video_automation - INFO - 🗑️ File deleted: Supernatural - Wanted Man.mhtml
2026-02-18 11:48:05,499 - video_automation - INFO - 🗑️ File deleted: Dichael - Dangerous.mhtml
2026-02-18 11:48:05,698 - video_automation - ERROR - 🗑️ Delete file error: 
2026-02-18 11:48:05,925 - video_automation - INFO - 🗑️ File deleted: Dean Winchester ｜｜ Unsteady.mhtml
2026-02-18 11:48:06,171 - video_automation - ERROR - 🗑️ Delete file error: 
2026-02-18 11:48:06,367 - video_automation - INFO - 🗑️ File deleted: Dean Winchester ｜ Lions Inside.mhtml
2026-02-18 11:48:06,617 - video_automation - ERROR - 🗑️ Delete file error: 
2026-02-18 11:48:06,796 - video_automation - INFO - 🗑️ File deleted: Team Free Will (2.0) – Radioactive (song⧸Video Request) [AngelDove].mhtml
2026-02-18 11:48:06,992 - video_automation - ERROR - 🗑️ Delete file error: 
2026-02-18 11:48:07,193 - video_automation - INFO - 🗑️ File deleted: ●supernatural ｜ Believer.mhtml
2026-02-18 11:48:07,386 - video_automation - ERROR - 🗑️ Delete file error: 
2026-02-18 11:48:07,610 - video_automation - INFO - 🗑️ File deleted: Castiel ｜｜ ET.mhtml
2026-02-18 11:48:08,004 - video_automation - ERROR - 🗑️ Delete file error: 
2026-02-18 11:48:08,204 - video_automation - INFO - 🗑️ File deleted: Evil Team Free Will - Control (Song⧸Video Request)  [AngelDove].mhtml
2026-02-18 11:48:08,612 - video_automation - INFO - 🗑️ File deleted: Supernatural ｜｜ In the end.mhtml
2026-02-18 11:48:09,020 - video_automation - INFO - 🗑️ File deleted: Dean and Castiel – Bad Liar (Imagine Dragons) [Angeldove].mhtml
2026-02-18 11:48:09,222 - video_automation - ERROR - 🗑️ Delete file error: 
2026-02-18 11:48:09,425 - video_automation - INFO - 🗑️ File deleted: Dean and Castiel - Fire on Fire [Updated]  [Angeldove].mhtml
2026-02-18 11:48:09,646 - video_automation - ERROR - 🗑️ Delete file error: 
2026-02-18 11:48:09,831 - video_automation - INFO - 🗑️ File deleted: Dean and Castiel -  You Are The Reason [Angeldove].mhtml
2026-02-18 11:48:10,049 - video_automation - ERROR - 🗑️ Delete file error: 
2026-02-18 11:48:10,243 - video_automation - INFO - 🗑️ File deleted: Dean Winchester - Say Something.mhtml
2026-02-18 11:48:10,452 - video_automation - ERROR - 🗑️ Delete file error: 
2026-02-18 11:48:10,647 - video_automation - INFO - 🗑️ File deleted: Dean and Castiel - The Night We Met (Video⧸Song Request) [Angeldove].mhtml
2026-02-18 11:48:10,855 - video_automation - ERROR - 🗑️ Delete file error: 
2026-02-18 11:48:11,050 - video_automation - INFO - 🗑️ File deleted: Dean Winchester - Soldier.mhtml
2026-02-18 11:48:11,491 - video_automation - INFO - 🗑️ File deleted: Dean Winchester： Ex's and Oh's.mhtml
2026-02-18 11:48:11,959 - video_automation - INFO - 🗑️ File deleted: Dean Winchester ｜ Burn the House Down.mhtml
2026-02-18 11:48:12,396 - video_automation - INFO - 🗑️ File deleted: Supernatural ｜ Everything Black.mhtml
2026-02-18 11:48:12,848 - video_automation - INFO - 🗑️ File deleted: Supernatural ｜ What's Up Danger.mhtml
2026-02-18 11:48:13,033 - video_automation - ERROR - 🗑️ Delete file error: 
2026-02-18 11:48:13,237 - video_automation - INFO - 🗑️ File deleted: Lucifer ｜ Monster.mhtml
2026-02-18 11:48:13,646 - video_automation - INFO - 🗑️ File deleted: Hanma Baki Training「AMV」- Another Level.mhtml
2026-02-18 11:48:14,056 - video_automation - INFO - 🗑️ File deleted: Sam & Dean - Like a Phoenix (Supernatural).mhtml
2026-02-18 11:48:14,251 - video_automation - ERROR - 🗑️ Delete file error: 
2026-02-18 11:48:14,449 - video_automation - INFO - 🗑️ File deleted: Castiel is an Angel with a Shotgun.mhtml
2026-02-18 11:48:14,858 - video_automation - INFO - 🗑️ File deleted: Supernatural ｜ Paint it black.mhtml
2026-02-18 11:48:15,275 - video_automation - INFO - 🗑️ File deleted: Dean Winchester - 67 Winchester (Song⧸Video Request) [AngelDove].mhtml
2026-02-18 11:48:15,693 - video_automation - INFO - 🗑️ File deleted: Dean and Castiel – Warrior  (Beth Crowley)  [AngelDove].mhtml
2026-02-18 11:48:16,110 - video_automation - INFO - 🗑️ File deleted: Dean, Mary and John – Because of You (Song⧸Video Request) [AngelDove].mhtml
2026-02-18 11:48:16,530 - video_automation - INFO - 🗑️ File deleted: SUPERNATURAL ► BROTHER (sung by Jensen Ackles).mhtml
2026-02-18 11:48:16,935 - video_automation - INFO - 🗑️ File deleted: Sam and Dean  - Hey Brother (Song⧸Video Request)  [AngelDove].mhtml
2026-02-18 11:48:17,332 - video_automation - INFO - 🗑️ File deleted: ZAYDE WOLF - BORN READY (Official Lyric Video).mhtml
2026-02-18 11:48:17,796 - video_automation - INFO - 🗑️ File deleted: Warriors.mhtml
2026-02-18 11:48:17,961 - video_automation - ERROR - 🗑️ Delete file error: 
2026-02-18 11:48:18,184 - video_automation - INFO - 🗑️ File deleted: Revolution.mhtml
2026-02-18 11:48:18,594 - video_automation - INFO - 🗑️ File deleted: Fighter.mhtml
2026-02-18 11:48:19,022 - video_automation - INFO - 🗑️ File deleted: I'm a Wanted Man.mhtml
2026-02-18 11:48:19,496 - video_automation - INFO - 🗑️ File deleted: Lucifer ｜ Take Me to Church.mhtml
2026-02-18 11:48:19,951 - video_automation - INFO - 🗑️ File deleted: Lucifer ｜ Hallelujah.mhtml
2026-02-18 11:48:20,453 - video_automation - INFO - 🗑️ File deleted: deanmon ｜ seven nation army.mhtml
2026-02-18 11:48:20,930 - video_automation - INFO - 🗑️ File deleted: Lucifer ｜ Play With Fire.mhtml
2026-02-18 11:48:21,432 - video_automation - INFO - 🗑️ File deleted: Stronger.mhtml
2026-02-18 11:48:21,932 - video_automation - INFO - 🗑️ File deleted: Whatever It Takes.mhtml
2026-02-18 11:48:22,476 - video_automation - INFO - 🗑️ File deleted: This Is It.mhtml
2026-02-18 11:48:22,989 - video_automation - INFO - 🗑️ File deleted: Man on a Mission.mhtml
2026-02-18 11:48:23,503 - video_automation - INFO - 🗑️ File deleted: No Limits.mhtml
2026-02-18 11:48:23,942 - video_automation - INFO - 🗑️ File deleted: Rule The World.mhtml
2026-02-18 11:48:24,365 - video_automation - INFO - 🗑️ File deleted: Supernatural Tribute ｜｜ Enemies ｜｜ (Sam⧸Dean⧸Cas⧸Crowley).mhtml
2026-02-18 11:48:24,774 - video_automation - INFO - 🗑️ File deleted: Sam & Dean - Die For You (Supernatural).mhtml
2026-02-18 11:48:25,203 - video_automation - INFO - 🗑️ File deleted: Assassin's Creed IV： Black Flag ｜ Fall out Boy - Light Em Up ｜ Musicvideo.mhtml
2026-02-18 11:48:25,624 - video_automation - INFO - 🗑️ File deleted: Turn It Up.mhtml
2026-02-18 11:48:26,047 - video_automation - INFO - 🗑️ File deleted: We Are Legends.mhtml
2026-02-18 11:48:26,464 - video_automation - INFO - 🗑️ File deleted: Natural.mhtml
2026-02-18 11:48:26,902 - video_automation - INFO - 🗑️ File deleted: Legend.mhtml
2026-02-18 11:48:27,336 - video_automation - INFO - 🗑️ File deleted: The Score - Unstoppable (Lyric Video).mhtml
2026-02-18 11:48:27,783 - video_automation - INFO - 🗑️ File deleted: ＂Legendary＂ (Official Audio) - Welshly Arms.mhtml
2026-02-18 11:48:28,206 - video_automation - INFO - 🗑️ File deleted: Person of Interest ｜ John Reese Legendary.mhtml
2026-02-18 11:48:28,687 - video_automation - INFO - 🗑️ File deleted: (Doctor Who) Tenth Doctor ｜ Lovely.mhtml
2026-02-18 11:48:28,900 - video_automation - INFO - 🗑️ File deleted: Enemy [AMV].mhtml
2026-02-18 11:48:29,334 - video_automation - INFO - 🗑️ File deleted: The Score - Born For This (Official Audio).mhtml
2026-02-18 11:48:29,754 - video_automation - INFO - 🗑️ File deleted: Higher.mhtml
2026-02-18 11:48:29,970 - video_automation - INFO - 🗑️ File deleted: Chosen One.mhtml
2026-02-18 11:48:30,216 - video_automation - INFO - 🗑️ File deleted: Lions Inside.mhtml
2026-02-18 11:48:30,631 - video_automation - INFO - 🗑️ File deleted: Fire to the Night.mhtml
2026-02-18 11:48:30,864 - video_automation - INFO - 🗑️ File deleted: Bad.mhtml
2026-02-18 11:48:31,070 - video_automation - INFO - 🗑️ File deleted: Glory.mhtml
2026-02-18 11:48:31,289 - video_automation - INFO - 🗑️ File deleted: video_20260128_080822_IEM Kraków 2026 Official Trailer.mp4
2026-02-18 11:49:22,958 - video_automation - INFO - 📥 Starting download: https://www.youtube.com/watch?v=oaZhMNh0EcU (quality: best)
2026-02-18 11:49:22,959 - video_automation - INFO - 🔄 Downloading: https://www.youtube.com/watch?v=oaZhMNh0EcU
2026-02-18 11:49:23,736 - video_automation - WARNING - ⚠️ Download attempt 1 failed: 'NoneType' object has no attribute 'get'
2026-02-18 11:49:26,496 - video_automation - WARNING - ⚠️ Download attempt 2 failed: 'NoneType' object has no attribute 'get'
2026-02-18 11:49:31,316 - video_automation - WARNING - ⚠️ Download attempt 3 failed: 'NoneType' object has no attribute 'get'
2026-02-18 11:49:31,316 - video_automation - ERROR - ❌ Download error: All download attempts failed: 'NoneType' object has no attribute 'get'
2026-02-18 11:49:31,820 - video_automation - INFO - ✅ Downloaded via aiohttp: video_1771415371_4088.mp4
2026-02-18 11:49:31,820 - video_automation - INFO - ✅ Download completed: video_1771415371_4088.mp4
2026-02-18 13:49:35,169 - video_automation - INFO - 📥 Starting download: https://www.youtube.com/watch?v=737PuFQWypo (quality: best)
2026-02-18 13:49:35,172 - video_automation - INFO - 🔄 Downloading: https://www.youtube.com/watch?v=737PuFQWypo
2026-02-18 13:49:36,334 - video_automation - WARNING - ⚠️ Download attempt 1 failed: 'NoneType' object has no attribute 'get'
2026-02-18 13:49:39,085 - video_automation - WARNING - ⚠️ Download attempt 2 failed: 'NoneType' object has no attribute 'get'
2026-02-18 13:49:43,893 - video_automation - WARNING - ⚠️ Download attempt 3 failed: 'NoneType' object has no attribute 'get'
2026-02-18 13:49:43,893 - video_automation - ERROR - ❌ Download error: All download attempts failed: 'NoneType' object has no attribute 'get'
2026-02-18 13:49:44,369 - video_automation - INFO - ✅ Downloaded via aiohttp: video_1771422583_2884.mp4
2026-02-18 13:49:44,370 - video_automation - INFO - ✅ Download completed: video_1771422583_2884.mp4
2026-02-18 14:06:53,400 - video_automation - ERROR - Preview error: name 'subprocess' is not defined
2026-02-18 14:08:16,307 - video_automation - ERROR - FFmpeg error: ffmpeg version 7.1.3-0+deb13u1 Copyright (c) 2000-2025 the FFmpeg developers
  built with gcc 14 (Debian 14.2.0-19)
  configuration: --prefix=/usr --extra-version=0+deb13u1 --toolchain=hardened --libdir=/usr/lib/x86_64-linux-gnu --incdir=/usr/include/x86_64-linux-gnu --arch=amd64 --enable-gpl --disable-stripping --disable-libmfx --disable-omx --enable-gnutls --enable-libaom --enable-libass --enable-libbs2b --enable-libcdio --enable-libcodec2 --enable-libdav1d --enable-libflite --enable-libfontconfig --enable-libfreetype --enable-libfribidi --enable-libglslang --enable-libgme --enable-libgsm --enable-libharfbuzz --enable-libmp3lame --enable-libmysofa --enable-libopenjpeg --enable-libopenmpt --enable-libopus --enable-librubberband --enable-libshine --enable-libsnappy --enable-libsoxr --enable-libspeex --enable-libtheora --enable-libtwolame --enable-libvidstab --enable-libvorbis --enable-libvpx --enable-libwebp --enable-libx265 --enable-libxml2 --enable-libxvid --enable-libzimg --enable-openal --enable-opencl --enable-opengl --disable-sndio --enable-libvpl --enable-libdc1394 --enable-libdrm --enable-libiec61883 --enable-chromaprint --enable-frei0r --enable-ladspa --enable-libbluray --enable-libcaca --enable-libdvdnav --enable-libdvdread --enable-libjack --enable-libpulse --enable-librabbitmq --enable-librist --enable-libsrt --enable-libssh --enable-libsvtav1 --enable-libx264 --enable-libzmq --enable-libzvbi --enable-lv2 --enable-sdl2 --enable-libplacebo --enable-librav1e --enable-pocketsphinx --enable-librsvg --enable-libjxl --enable-shared
  libavutil      59. 39.100 / 59. 39.100
  libavcodec     61. 19.101 / 61. 19.101
  libavformat    61.  7.100 / 61.  7.100
  libavdevice    61.  3.100 / 61.  3.100
  libavfilter    10.  4.100 / 10.  4.100
  libswscale      8.  3.100 /  8.  3.100
  libswresample   5.  3.100 /  5.  3.100
  libpostproc    58.  3.100 / 58.  3.100
[mov,mp4,m4a,3gp,3g2,mj2 @ 0x5612e0fe7240] Format mov,mp4,m4a,3gp,3g2,mj2 detected only with low score of 1, misdetection possible!
[mov,mp4,m4a,3gp,3g2,mj2 @ 0x5612e0fe7240] moov atom not found
[in#0 @ 0x5612e0fe6f80] Error opening input: Invalid data found when processing input
Error opening input file storage/downloads/video_1771422583_2884.mp4.
Error opening input files: Invalid data found when processing input

2026-02-18 14:11:33,024 - video_automation - ERROR - FFmpeg error: ffmpeg version 7.1.3-0+deb13u1 Copyright (c) 2000-2025 the FFmpeg developers
  built with gcc 14 (Debian 14.2.0-19)
  configuration: --prefix=/usr --extra-version=0+deb13u1 --toolchain=hardened --libdir=/usr/lib/x86_64-linux-gnu --incdir=/usr/include/x86_64-linux-gnu --arch=amd64 --enable-gpl --disable-stripping --disable-libmfx --disable-omx --enable-gnutls --enable-libaom --enable-libass --enable-libbs2b --enable-libcdio --enable-libcodec2 --enable-libdav1d --enable-libflite --enable-libfontconfig --enable-libfreetype --enable-libfribidi --enable-libglslang --enable-libgme --enable-libgsm --enable-libharfbuzz --enable-libmp3lame --enable-libmysofa --enable-libopenjpeg --enable-libopenmpt --enable-libopus --enable-librubberband --enable-libshine --enable-libsnappy --enable-libsoxr --enable-libspeex --enable-libtheora --enable-libtwolame --enable-libvidstab --enable-libvorbis --enable-libvpx --enable-libwebp --enable-libx265 --enable-libxml2 --enable-libxvid --enable-libzimg --enable-openal --enable-opencl --enable-opengl --disable-sndio --enable-libvpl --enable-libdc1394 --enable-libdrm --enable-libiec61883 --enable-chromaprint --enable-frei0r --enable-ladspa --enable-libbluray --enable-libcaca --enable-libdvdnav --enable-libdvdread --enable-libjack --enable-libpulse --enable-librabbitmq --enable-librist --enable-libsrt --enable-libssh --enable-libsvtav1 --enable-libx264 --enable-libzmq --enable-libzvbi --enable-lv2 --enable-sdl2 --enable-libplacebo --enable-librav1e --enable-pocketsphinx --enable-librsvg --enable-libjxl --enable-shared
  libavutil      59. 39.100 / 59. 39.100
  libavcodec     61. 19.101 / 61. 19.101
  libavformat    61.  7.100 / 61.  7.100
  libavdevice    61.  3.100 / 61.  3.100
  libavfilter    10.  4.100 / 10.  4.100
  libswscale      8.  3.100 /  8.  3.100
  libswresample   5.  3.100 /  5.  3.100
  libpostproc    58.  3.100 / 58.  3.100
[mov,mp4,m4a,3gp,3g2,mj2 @ 0x5f183467e240] Format mov,mp4,m4a,3gp,3g2,mj2 detected only with low score of 1, misdetection possible!
[mov,mp4,m4a,3gp,3g2,mj2 @ 0x5f183467e240] moov atom not found
[in#0 @ 0x5f183467df80] Error opening input: Invalid data found when processing input
Error opening input file storage/downloads/video_1771422583_2884.mp4.
Error opening input files: Invalid data found when processing input

2026-02-18 14:11:35,688 - video_automation - ERROR - FFmpeg error: ffmpeg version 7.1.3-0+deb13u1 Copyright (c) 2000-2025 the FFmpeg developers
  built with gcc 14 (Debian 14.2.0-19)
  configuration: --prefix=/usr --extra-version=0+deb13u1 --toolchain=hardened --libdir=/usr/lib/x86_64-linux-gnu --incdir=/usr/include/x86_64-linux-gnu --arch=amd64 --enable-gpl --disable-stripping --disable-libmfx --disable-omx --enable-gnutls --enable-libaom --enable-libass --enable-libbs2b --enable-libcdio --enable-libcodec2 --enable-libdav1d --enable-libflite --enable-libfontconfig --enable-libfreetype --enable-libfribidi --enable-libglslang --enable-libgme --enable-libgsm --enable-libharfbuzz --enable-libmp3lame --enable-libmysofa --enable-libopenjpeg --enable-libopenmpt --enable-libopus --enable-librubberband --enable-libshine --enable-libsnappy --enable-libsoxr --enable-libspeex --enable-libtheora --enable-libtwolame --enable-libvidstab --enable-libvorbis --enable-libvpx --enable-libwebp --enable-libx265 --enable-libxml2 --enable-libxvid --enable-libzimg --enable-openal --enable-opencl --enable-opengl --disable-sndio --enable-libvpl --enable-libdc1394 --enable-libdrm --enable-libiec61883 --enable-chromaprint --enable-frei0r --enable-ladspa --enable-libbluray --enable-libcaca --enable-libdvdnav --enable-libdvdread --enable-libjack --enable-libpulse --enable-librabbitmq --enable-librist --enable-libsrt --enable-libssh --enable-libsvtav1 --enable-libx264 --enable-libzmq --enable-libzvbi --enable-lv2 --enable-sdl2 --enable-libplacebo --enable-librav1e --enable-pocketsphinx --enable-librsvg --enable-libjxl --enable-shared
  libavutil      59. 39.100 / 59. 39.100
  libavcodec     61. 19.101 / 61. 19.101
  libavformat    61.  7.100 / 61.  7.100
  libavdevice    61.  3.100 / 61.  3.100
  libavfilter    10.  4.100 / 10.  4.100
  libswscale      8.  3.100 /  8.  3.100
  libswresample   5.  3.100 /  5.  3.100
  libpostproc    58.  3.100 / 58.  3.100
[mov,mp4,m4a,3gp,3g2,mj2 @ 0x565ebf34b240] Format mov,mp4,m4a,3gp,3g2,mj2 detected only with low score of 1, misdetection possible!
[mov,mp4,m4a,3gp,3g2,mj2 @ 0x565ebf34b240] moov atom not found
[in#0 @ 0x565ebf34af80] Error opening input: Invalid data found when processing input
Error opening input file storage/downloads/video_1771415243_1503.mp4.
Error opening input files: Invalid data found when processing input

2026-02-18 14:11:37,109 - video_automation - ERROR - FFmpeg error: ffmpeg version 7.1.3-0+deb13u1 Copyright (c) 2000-2025 the FFmpeg developers
  built with gcc 14 (Debian 14.2.0-19)
  configuration: --prefix=/usr --extra-version=0+deb13u1 --toolchain=hardened --libdir=/usr/lib/x86_64-linux-gnu --incdir=/usr/include/x86_64-linux-gnu --arch=amd64 --enable-gpl --disable-stripping --disable-libmfx --disable-omx --enable-gnutls --enable-libaom --enable-libass --enable-libbs2b --enable-libcdio --enable-libcodec2 --enable-libdav1d --enable-libflite --enable-libfontconfig --enable-libfreetype --enable-libfribidi --enable-libglslang --enable-libgme --enable-libgsm --enable-libharfbuzz --enable-libmp3lame --enable-libmysofa --enable-libopenjpeg --enable-libopenmpt --enable-libopus --enable-librubberband --enable-libshine --enable-libsnappy --enable-libsoxr --enable-libspeex --enable-libtheora --enable-libtwolame --enable-libvidstab --enable-libvorbis --enable-libvpx --enable-libwebp --enable-libx265 --enable-libxml2 --enable-libxvid --enable-libzimg --enable-openal --enable-opencl --enable-opengl --disable-sndio --enable-libvpl --enable-libdc1394 --enable-libdrm --enable-libiec61883 --enable-chromaprint --enable-frei0r --enable-ladspa --enable-libbluray --enable-libcaca --enable-libdvdnav --enable-libdvdread --enable-libjack --enable-libpulse --enable-librabbitmq --enable-librist --enable-libsrt --enable-libssh --enable-libsvtav1 --enable-libx264 --enable-libzmq --enable-libzvbi --enable-lv2 --enable-sdl2 --enable-libplacebo --enable-librav1e --enable-pocketsphinx --enable-librsvg --enable-libjxl --enable-shared
  libavutil      59. 39.100 / 59. 39.100
  libavcodec     61. 19.101 / 61. 19.101
  libavformat    61.  7.100 / 61.  7.100
  libavdevice    61.  3.100 / 61.  3.100
  libavfilter    10.  4.100 / 10.  4.100
  libswscale      8.  3.100 /  8.  3.100
  libswresample   5.  3.100 /  5.  3.100
  libpostproc    58.  3.100 / 58.  3.100
[in#0 @ 0x606a84103f80] Error opening input: Invalid data found when processing input
Error opening input file storage/downloads/My Name Is...mhtml.
Error opening input files: Invalid data found when processing input

2026-02-18 14:11:39,662 - video_automation - ERROR - FFmpeg error: ffmpeg version 7.1.3-0+deb13u1 Copyright (c) 2000-2025 the FFmpeg developers
  built with gcc 14 (Debian 14.2.0-19)
  configuration: --prefix=/usr --extra-version=0+deb13u1 --toolchain=hardened --libdir=/usr/lib/x86_64-linux-gnu --incdir=/usr/include/x86_64-linux-gnu --arch=amd64 --enable-gpl --disable-stripping --disable-libmfx --disable-omx --enable-gnutls --enable-libaom --enable-libass --enable-libbs2b --enable-libcdio --enable-libcodec2 --enable-libdav1d --enable-libflite --enable-libfontconfig --enable-libfreetype --enable-libfribidi --enable-libglslang --enable-libgme --enable-libgsm --enable-libharfbuzz --enable-libmp3lame --enable-libmysofa --enable-libopenjpeg --enable-libopenmpt --enable-libopus --enable-librubberband --enable-libshine --enable-libsnappy --enable-libsoxr --enable-libspeex --enable-libtheora --enable-libtwolame --enable-libvidstab --enable-libvorbis --enable-libvpx --enable-libwebp --enable-libx265 --enable-libxml2 --enable-libxvid --enable-libzimg --enable-openal --enable-opencl --enable-opengl --disable-sndio --enable-libvpl --enable-libdc1394 --enable-libdrm --enable-libiec61883 --enable-chromaprint --enable-frei0r --enable-ladspa --enable-libbluray --enable-libcaca --enable-libdvdnav --enable-libdvdread --enable-libjack --enable-libpulse --enable-librabbitmq --enable-librist --enable-libsrt --enable-libssh --enable-libsvtav1 --enable-libx264 --enable-libzmq --enable-libzvbi --enable-lv2 --enable-sdl2 --enable-libplacebo --enable-librav1e --enable-pocketsphinx --enable-librsvg --enable-libjxl --enable-shared
  libavutil      59. 39.100 / 59. 39.100
  libavcodec     61. 19.101 / 61. 19.101
  libavformat    61.  7.100 / 61.  7.100
  libavdevice    61.  3.100 / 61.  3.100
  libavfilter    10.  4.100 / 10.  4.100
  libswscale      8.  3.100 /  8.  3.100
  libswresample   5.  3.100 /  5.  3.100
  libpostproc    58.  3.100 / 58.  3.100
[in#0 @ 0x644459853f80] Error opening input: Invalid data found when processing input
Error opening input file storage/downloads/VALHALLA CALLING ⧸⧸ by Miracle Of Sound  (+ subtitles) ⧸⧸ VIKINGS.mhtml.
Error opening input files: Invalid data found when processing input

2026-02-18 14:11:45,952 - video_automation - INFO - 🗑️ File deleted: video_1771422583_2884.mp4
2026-02-18 14:11:46,943 - video_automation - INFO - 🗑️ File deleted: video_1771415371_4088.mp4
2026-02-18 14:11:47,355 - video_automation - INFO - 🗑️ File deleted: video_1771415243_1503.mp4
2026-02-18 14:11:48,873 - video_automation - INFO - 🗑️ File deleted: Lukas Graham - 7 Years [Official Music Video].mhtml
2026-02-18 14:11:49,583 - video_automation - INFO - 🗑️ File deleted: Panic! At The Disco - High Hopes (Official Video).mhtml
2026-02-18 14:11:51,596 - video_automation - INFO - 🗑️ File deleted: Fire.mhtml
2026-02-18 14:11:52,002 - video_automation - INFO - 🗑️ File deleted: Missio - I See You (Lyrics).mhtml
2026-02-18 14:11:52,173 - video_automation - INFO - 🗑️ File deleted: Supernatural Season 12 Tribute ｜｜ Who Will Save You Now？.mhtml
2026-02-18 14:11:52,540 - video_automation - INFO - 🗑️ File deleted: Dean Winchester – Nothing Else Matters [AngelDove].mhtml
2026-02-18 14:11:52,737 - video_automation - INFO - 🗑️ File deleted: Wanted Dead or Alive [Supernatural - Dean].mhtml
2026-02-18 14:11:52,938 - video_automation - INFO - 🗑️ File deleted: Blood of a Broken Man (Dean Winchester).mhtml
2026-02-18 14:11:53,642 - video_automation - INFO - 🗑️ File deleted: VALHALLA CALLING ⧸⧸ by Miracle Of Sound  (+ subtitles) ⧸⧸ VIKINGS.mhtml
2026-02-18 14:11:54,358 - video_automation - INFO - 🗑️ File deleted: Horns.mhtml
2026-02-18 14:11:55,959 - video_automation - ERROR - 🗑️ Delete file error: 
2026-02-18 14:11:57,022 - video_automation - ERROR - 🗑️ Delete file error: 
2026-02-18 14:11:57,615 - video_automation - ERROR - 🗑️ Delete file error: 
2026-02-18 14:11:57,958 - video_automation - ERROR - 🗑️ Delete file error: 
2026-02-18 14:11:58,242 - video_automation - ERROR - 🗑️ Delete file error: 
2026-02-18 14:11:58,947 - video_automation - INFO - 🗑️ File deleted: The Fear.mhtml
2026-02-18 14:11:59,347 - video_automation - INFO - 🗑️ File deleted: MISSIO - Dizzy (Lyrics).mhtml
2026-02-18 14:11:59,701 - video_automation - INFO - 🗑️ File deleted: Way down We Go.mhtml
2026-02-18 14:11:59,979 - video_automation - INFO - 🗑️ File deleted: Human.mhtml
2026-02-18 14:12:00,268 - video_automation - INFO - 🗑️ File deleted: Never Stay Down.mhtml
2026-02-18 14:12:04,413 - video_automation - ERROR - 🗑️ Delete file error: 
2026-02-18 14:13:03,535 - video_automation - INFO - 📥 Starting download: https://www.youtube.com/watch?v=737PuFQWypo (quality: best)
2026-02-18 14:13:03,535 - video_automation - INFO - 🔄 Downloading: https://www.youtube.com/watch?v=737PuFQWypo
2026-02-18 14:13:04,343 - video_automation - WARNING - ⚠️ Download attempt 1 failed: 'NoneType' object has no attribute 'get'
2026-02-18 14:13:07,112 - video_automation - WARNING - ⚠️ Download attempt 2 failed: 'NoneType' object has no attribute 'get'
2026-02-18 14:13:11,875 - video_automation - WARNING - ⚠️ Download attempt 3 failed: 'NoneType' object has no attribute 'get'
2026-02-18 14:13:11,876 - video_automation - ERROR - ❌ Download error: All download attempts failed: 'NoneType' object has no attribute 'get'
2026-02-18 14:13:12,380 - video_automation - INFO - ✅ Downloaded via aiohttp: video_1771423991_6617.mp4
2026-02-18 14:13:12,380 - video_automation - INFO - ✅ Download completed: video_1771423991_6617.mp4
2026-02-18 14:20:05,200 - video_automation - INFO - 📥 Starting download: https://www.youtube.com/watch?v=737PuFQWypo (quality: best)
2026-02-18 14:20:05,200 - video_automation - INFO - 🔄 Downloading: https://www.youtube.com/watch?v=737PuFQWypo
2026-02-18 14:20:06,042 - video_automation - WARNING - ⚠️ Download attempt 1 failed: ERROR: [youtube] 737PuFQWypo: Unable to download API page: [SSL: CERTIFICATE_VERIFY_FAILED] certificate verify failed: unable to get local issuer certificate (_ssl.c:1016) (caused by CertificateVerifyError('[SSL: CERTIFICATE_VERIFY_FAILED] certificate verify failed: unable to get local issuer certificate (_ssl.c:1016)')); please report this issue on  https://github.com/yt-dlp/yt-dlp/issues?q= , filling out the appropriate issue template. Confirm you are on the latest version using  yt-dlp -U
2026-02-18 14:20:08,827 - video_automation - WARNING - ⚠️ Download attempt 2 failed: ERROR: [youtube] 737PuFQWypo: Unable to download API page: [SSL: CERTIFICATE_VERIFY_FAILED] certificate verify failed: unable to get local issuer certificate (_ssl.c:1016) (caused by CertificateVerifyError('[SSL: CERTIFICATE_VERIFY_FAILED] certificate verify failed: unable to get local issuer certificate (_ssl.c:1016)')); please report this issue on  https://github.com/yt-dlp/yt-dlp/issues?q= , filling out the appropriate issue template. Confirm you are on the latest version using  yt-dlp -U
2026-02-18 14:20:13,579 - video_automation - WARNING - ⚠️ Download attempt 3 failed: ERROR: [youtube] 737PuFQWypo: Unable to download API page: [SSL: CERTIFICATE_VERIFY_FAILED] certificate verify failed: unable to get local issuer certificate (_ssl.c:1016) (caused by CertificateVerifyError('[SSL: CERTIFICATE_VERIFY_FAILED] certificate verify failed: unable to get local issuer certificate (_ssl.c:1016)')); please report this issue on  https://github.com/yt-dlp/yt-dlp/issues?q= , filling out the appropriate issue template. Confirm you are on the latest version using  yt-dlp -U
2026-02-18 14:20:13,580 - video_automation - ERROR - ❌ Download error: All download attempts failed: ERROR: [youtube] 737PuFQWypo: Unable to download API page: [SSL: CERTIFICATE_VERIFY_FAILED] certificate verify failed: unable to get local issuer certificate (_ssl.c:1016) (caused by CertificateVerifyError('[SSL: CERTIFICATE_VERIFY_FAILED] certificate verify failed: unable to get local issuer certificate (_ssl.c:1016)')); please report this issue on  https://github.com/yt-dlp/yt-dlp/issues?q= , filling out the appropriate issue template. Confirm you are on the latest version using  yt-dlp -U
2026-02-18 14:20:13,580 - video_automation - ERROR - ❌ Download failed: Download failed: All download attempts failed: ERROR: [youtube] 737PuFQWypo: Unable to download API page: [SSL: CERTIFICATE_VERIFY_FAILED] certificate verify failed: unable to get local issuer certificate (_ssl.c:1016) (caused by CertificateVerifyError('[SSL: CERTIFICATE_VERIFY_FAILED] certificate verify failed: unable to get local issuer certificate (_ssl.c:1016)')); please report this issue on  https://github.com/yt-dlp/yt-dlp/issues?q= , filling out the appropriate issue template. Confirm you are on the latest version using  yt-dlp -U
2026-02-18 14:25:20,338 - video_automation - INFO - 📥 Starting download: https://www.youtube.com/watch?v=737PuFQWypo (quality: best)
2026-02-18 14:25:20,340 - video_automation - INFO - 🔄 Downloading: https://www.youtube.com/watch?v=737PuFQWypo (quality=best)
2026-02-18 14:25:21,196 - video_automation - ERROR - ❌ Download failed: ERROR: [youtube] 737PuFQWypo: Unable to download API page: [SSL: CERTIFICATE_VERIFY_FAILED] certificate verify failed: unable to get local issuer certificate (_ssl.c:1016) (caused by CertificateVerifyError('[SSL: CERTIFICATE_VERIFY_FAILED] certificate verify failed: unable to get local issuer certificate (_ssl.c:1016)')); please report this issue on  https://github.com/yt-dlp/yt-dlp/issues?q= , filling out the appropriate issue template. Confirm you are on the latest version using  yt-dlp -U
2026-02-18 14:25:21,196 - video_automation - ERROR - ❌ Download failed: Failed to download video: ERROR: [youtube] 737PuFQWypo: Unable to download API page: [SSL: CERTIFICATE_VERIFY_FAILED] certificate verify failed: unable to get local issuer certificate (_ssl.c:1016) (caused by CertificateVerifyError('[SSL: CERTIFICATE_VERIFY_FAILED] certificate verify failed: unable to get local issuer certificate (_ssl.c:1016)')); please report this issue on  https://github.com/yt-dlp/yt-dlp/issues?q= , filling out the appropriate issue template. Confirm you are on the latest version using  yt-dlp -U
2026-02-18 14:28:18,352 - video_automation - INFO - 📥 Starting download: https://www.youtube.com/watch?v=737PuFQWypo (quality: best)
2026-02-18 14:28:18,354 - video_automation - INFO - 🔄 Downloading: https://www.youtube.com/watch?v=737PuFQWypo (quality=best)
2026-02-18 14:28:19,185 - video_automation - ERROR - ❌ Download failed: ERROR: [youtube] 737PuFQWypo: Unable to download API page: [SSL: CERTIFICATE_VERIFY_FAILED] certificate verify failed: unable to get local issuer certificate (_ssl.c:1016) (caused by CertificateVerifyError('[SSL: CERTIFICATE_VERIFY_FAILED] certificate verify failed: unable to get local issuer certificate (_ssl.c:1016)')); please report this issue on  https://github.com/yt-dlp/yt-dlp/issues?q= , filling out the appropriate issue template. Confirm you are on the latest version using  yt-dlp -U
2026-02-18 14:28:19,185 - video_automation - ERROR - ❌ Download failed: Failed to download video: ERROR: [youtube] 737PuFQWypo: Unable to download API page: [SSL: CERTIFICATE_VERIFY_FAILED] certificate verify failed: unable to get local issuer certificate (_ssl.c:1016) (caused by CertificateVerifyError('[SSL: CERTIFICATE_VERIFY_FAILED] certificate verify failed: unable to get local issuer certificate (_ssl.c:1016)')); please report this issue on  https://github.com/yt-dlp/yt-dlp/issues?q= , filling out the appropriate issue template. Confirm you are on the latest version using  yt-dlp -U
2026-02-18 14:33:24,218 - video_automation - INFO - 📥 Starting download: https://www.youtube.com/watch?v=737PuFQWypo (quality: best)
2026-02-18 14:33:24,220 - video_automation - INFO - 🔄 Downloading: https://www.youtube.com/watch?v=737PuFQWypo (quality=best)
2026-02-18 14:33:25,010 - video_automation - ERROR - ❌ Download failed: ERROR: [youtube] 737PuFQWypo: Unable to download API page: [SSL: CERTIFICATE_VERIFY_FAILED] certificate verify failed: unable to get local issuer certificate (_ssl.c:1016) (caused by CertificateVerifyError('[SSL: CERTIFICATE_VERIFY_FAILED] certificate verify failed: unable to get local issuer certificate (_ssl.c:1016)')); please report this issue on  https://github.com/yt-dlp/yt-dlp/issues?q= , filling out the appropriate issue template. Confirm you are on the latest version using  yt-dlp -U
2026-02-18 14:33:25,011 - video_automation - ERROR - ❌ Download failed: Failed to download video: ERROR: [youtube] 737PuFQWypo: Unable to download API page: [SSL: CERTIFICATE_VERIFY_FAILED] certificate verify failed: unable to get local issuer certificate (_ssl.c:1016) (caused by CertificateVerifyError('[SSL: CERTIFICATE_VERIFY_FAILED] certificate verify failed: unable to get local issuer certificate (_ssl.c:1016)')); please report this issue on  https://github.com/yt-dlp/yt-dlp/issues?q= , filling out the appropriate issue template. Confirm you are on the latest version using  yt-dlp -U
